// Jest Snapshot v1, https://goo.gl/fbAQLP

exports[`renders correctly 1`] = `
<div
  className="container mx-auto p-8 bg-slate-500"
>
  <h1
    className="text-4xl font-bold text-center text-gray-800"
  />
</div>
`;
