// Jest Snapshot v1, https://goo.gl/fbAQLP

exports[`Header should render correctly into the dom 1`] = `
<div
  className="container mx-auto p-8"
>
  <h6
    className="text-2xl font-bold text-center text-gray-800"
    data-testid="subheader"
  >
    Hello World
  </h6>
  <h1
    className="text-4xl font-bold text-center text-gray-800"
  />
  <p>
    0
  </p>
  <button
    onClick={[Function]}
  >
    Click me
  </button>
</div>
`;
